// Jest Snapshot v1, https://goo.gl/fbAQLP

exports[`renders homepage unchanged 1`] = `
<div>
  <div
    class="chakra-container css-0"
  >
    <header
      class="css-apxd95"
    >
      <h1
        class="chakra-heading css-meuk0s"
      >
        My Resy
      </h1>
    </header>
    <main>
      <div
        class="css-19ug521"
      >
        <h1
          class="chakra-heading css-0"
        >
          Cafe Camellia
        </h1>
        <div
          class="css-70qvj9"
        >
          <div
            class="css-70qvj9"
          >
            <svg
              class="chakra-icon css-52m2kj"
              focusable="false"
              viewBox="0 0 24 24"
            >
              <path
                d="M23.555,8.729a1.505,1.505,0,0,0-1.406-.98H16.062a.5.5,0,0,1-.472-.334L13.405,1.222a1.5,1.5,0,0,0-2.81,0l-.005.016L8.41,7.415a.5.5,0,0,1-.471.334H1.85A1.5,1.5,0,0,0,.887,10.4l5.184,4.3a.5.5,0,0,1,.155.543L4.048,21.774a1.5,1.5,0,0,0,2.31,1.684l5.346-3.92a.5.5,0,0,1,.591,0l5.344,3.919a1.5,1.5,0,0,0,2.312-1.683l-2.178-6.535a.5.5,0,0,1,.155-.543l5.194-4.306A1.5,1.5,0,0,0,23.555,8.729Z"
                fill="currentColor"
              />
            </svg>
            <p
              class="chakra-text css-zov4ca"
            >
              5.0
            </p>
          </div>
          <div
            class="css-4ep9ws"
          />
          <span
            class="css-0"
          >
            Southern
          </span>
          <div
            class="css-4ep9ws"
          />
          <span
            class="css-0"
          >
            $
          </span>
        </div>
        <hr
          aria-orientation="horizontal"
          class="chakra-divider css-16vecwv"
        />
        <div
          class="css-0"
        >
          <h2
            class="chakra-heading css-0"
          >
            Description
          </h2>
          <p
            class="chakra-text css-0"
          >
            A sleek dining room and backyard with a focus on Southern-style seafood and classic cocktails, itâ€™s a no brainer. Go for the prawn and grits, crab cakes, and blackened catfish.
          </p>
        </div>
      </div>
      <hr
        aria-orientation="horizontal"
        class="chakra-divider css-16vecwv"
      />
      <div
        class="css-0"
      >
        <form>
          <div
            class="chakra-stack css-ifrpmq"
          >
            <div
              class="css-0"
            >
              <div
                class="chakra-form-control css-0"
                role="group"
              >
                <label
                  class="chakra-form__label css-uvho5g"
                  for="name"
                  id="field-:r0:-label"
                >
                  Name
                </label>
                <input
                  class="chakra-input css-0"
                  id="name"
                  name="name"
                  placeholder="Name"
                />
              </div>
            </div>
            <div
              class="css-0"
            >
              <label
                class="chakra-form__label css-uvho5g"
                for="email"
              >
                Email Address
              </label>
              <div
                class="chakra-input__group css-bx0blc"
                data-group="true"
              >
                <div
                  class="chakra-input__left-element css-1u2k0bl"
                >
                  <svg
                    class="chakra-icon css-1fdnb51"
                    focusable="false"
                    viewBox="0 0 24 24"
                  >
                    <g
                      fill="currentColor"
                    >
                      <path
                        d="M11.114,14.556a1.252,1.252,0,0,0,1.768,0L22.568,4.87a.5.5,0,0,0-.281-.849A1.966,1.966,0,0,0,22,4H2a1.966,1.966,0,0,0-.289.021.5.5,0,0,0-.281.849Z"
                      />
                      <path
                        d="M23.888,5.832a.182.182,0,0,0-.2.039l-6.2,6.2a.251.251,0,0,0,0,.354l5.043,5.043a.75.75,0,1,1-1.06,1.061l-5.043-5.043a.25.25,0,0,0-.354,0l-2.129,2.129a2.75,2.75,0,0,1-3.888,0L7.926,13.488a.251.251,0,0,0-.354,0L2.529,18.531a.75.75,0,0,1-1.06-1.061l5.043-5.043a.251.251,0,0,0,0-.354l-6.2-6.2a.18.18,0,0,0-.2-.039A.182.182,0,0,0,0,6V18a2,2,0,0,0,2,2H22a2,2,0,0,0,2-2V6A.181.181,0,0,0,23.888,5.832Z"
                      />
                    </g>
                  </svg>
                </div>
                <input
                  class="chakra-input css-0"
                  name="email"
                  placeholder="Email Address"
                  type="email"
                />
              </div>
            </div>
            <div
              class="css-0"
            >
              <label
                class="chakra-form__label css-uvho5g"
                for="phone"
              >
                Phone Number
              </label>
              <div
                class="chakra-input__group css-bx0blc"
                data-group="true"
              >
                <div
                  class="chakra-input__left-element css-1u2k0bl"
                >
                  <svg
                    class="chakra-icon css-1fdnb51"
                    focusable="false"
                    viewBox="0 0 14 14"
                  >
                    <path
                      d="M2.20731,0.0127209 C2.1105,-0.0066419 1.99432,-0.00664663 1.91687,0.032079 C0.871279,0.438698 0.212942,1.92964 0.0580392,2.95587 C-0.426031,6.28627 2.20731,9.17133 4.62766,11.0689 C6.77694,12.7534 10.9012,15.5223 13.3409,12.8503 C13.6507,12.5211 14.0186,12.037 13.9993,11.553 C13.9412,10.7397 13.186,10.1588 12.6051,9.71349 C12.1598,9.38432 11.2304,8.47427 10.6495,8.49363 C10.1267,8.51299 9.79754,9.05515 9.46837,9.38432 L8.88748,9.96521 C8.79067,10.062 7.55145,9.24878 7.41591,9.15197 C6.91248,8.8228 6.4284,8.45491 6.00242,8.04829 C5.57644,7.64167 5.18919,7.19632 4.86002,6.73161 C4.7632,6.59607 3.96933,5.41495 4.04678,5.31813 C4.04678,5.31813 4.72448,4.58234 4.91811,4.2919 C5.32473,3.67229 5.63453,3.18822 5.16982,2.45243 C4.99556,2.18135 4.78257,1.96836 4.55021,1.73601 C4.14359,1.34875 3.73698,0.942131 3.27227,0.612963 C3.02055,0.419335 2.59457,0.0708094 2.20731,0.0127209 Z"
                      fill="currentColor"
                    />
                  </svg>
                </div>
                <input
                  class="chakra-input css-0"
                  name="phone"
                  placeholder="Phone number"
                  type="tel"
                />
              </div>
            </div>
          </div>
          <div
            class="chakra-stack css-v2wsrc"
          >
            <div
              class="css-0"
            >
              <label
                class="chakra-form__label css-uvho5g"
                for="guests"
              >
                Guests
              </label>
              <div
                class="chakra-select__wrapper css-42b2qy"
              >
                <select
                  class="chakra-select css-1ik61og"
                  name="guest"
                >
                  <option
                    value=""
                  >
                    Select Guests
                  </option>
                  <option
                    value="1"
                  >
                    1 Guest
                  </option>
                  <option
                    value="2"
                  >
                    2 Guests
                  </option>
                  <option
                    value="3"
                  >
                    3 Guests
                  </option>
                  <option
                    value="4"
                  >
                    4 Guests
                  </option>
                  <option
                    value="5"
                  >
                    5 Guests
                  </option>
                  <option
                    value="6"
                  >
                    6 Guests
                  </option>
                  <option
                    value="7"
                  >
                    7+ Guests
                  </option>
                </select>
                <div
                  class="chakra-select__icon-wrapper css-162mkon"
                >
                  <svg
                    aria-hidden="true"
                    class="chakra-select__icon"
                    focusable="false"
                    role="presentation"
                    style="width: 1em; height: 1em; color: currentColor;"
                    viewBox="0 0 24 24"
                  >
                    <path
                      d="M16.59 8.59L12 13.17 7.41 8.59 6 10l6 6 6-6z"
                      fill="currentColor"
                    />
                  </svg>
                </div>
              </div>
            </div>
            <div
              class="css-0"
            >
              <label
                class="chakra-form__label css-uvho5g"
                for="date"
              >
                Date
              </label>
              <input
                class="chakra-input css-0"
                name="date"
                placeholder="Select Date"
                type="date"
              />
            </div>
            <div
              class="css-0"
            >
              <label
                class="chakra-form__label css-uvho5g"
                for="guests"
              >
                Time
              </label>
              <div
                class="chakra-select__wrapper css-42b2qy"
              >
                <select
                  class="chakra-select css-1ik61og"
                  name="time"
                >
                  <option
                    value=""
                  >
                    Select Time Slot
                  </option>
                  <option
                    value="1"
                  >
                    5:00 PM
                  </option>
                  <option
                    value="2"
                  >
                    5:30 PM
                  </option>
                  <option
                    value="3"
                  >
                    6:00 PM
                  </option>
                  <option
                    value="4"
                  >
                    6:30 PM
                  </option>
                  <option
                    value="5"
                  >
                    7:00 PM
                  </option>
                  <option
                    value="6"
                  >
                    7:30 PM
                  </option>
                  <option
                    value="7"
                  >
                    8:00 PM
                  </option>
                  <option
                    value="8"
                  >
                    8:30 PM
                  </option>
                  <option
                    value="9"
                  >
                    9:00 PM
                  </option>
                  <option
                    value="10"
                  >
                    9:30 PM
                  </option>
                </select>
                <div
                  class="chakra-select__icon-wrapper css-162mkon"
                >
                  <svg
                    aria-hidden="true"
                    class="chakra-select__icon"
                    focusable="false"
                    role="presentation"
                    style="width: 1em; height: 1em; color: currentColor;"
                    viewBox="0 0 24 24"
                  >
                    <path
                      d="M16.59 8.59L12 13.17 7.41 8.59 6 10l6 6 6-6z"
                      fill="currentColor"
                    />
                  </svg>
                </div>
              </div>
            </div>
          </div>
          <button
            class="chakra-button css-1rydqik"
            type="submit"
          >
            Reserve
          </button>
        </form>
      </div>
    </main>
  </div>
</div>
`;
